// Jest Snapshot v1, https://goo.gl/fbAQLP

exports[`<App /> should render and match the snapshot 1`] = `
<BrowserRouter>
  <Helmet
    defaultTitle="React Boilerplate"
    defer={true}
    encodeSpecialCharacters={true}
    prioritizeSeoTags={false}
    titleTemplate="%s - The Coffee House"
  >
    <meta
      content="A React Boilerplate application"
      name="description"
    />
  </Helmet>
  <Routes>
    <Route
      element={<Unknown />}
      path="/"
    />
    <Route
      element={<Unknown />}
      path="/"
    />
    <Route
      element={<Unknown />}
      path="/"
    />
    <Route
      element={<Unknown />}
      path="/"
    />
    <Route
      element={<Unknown />}
      path="/"
    />
    <Route
      element={<Recruits />}
      path="/"
    />
    <Route
      element={<Unknown />}
      path="/"
    />
    <Route
      element={<Unknown />}
      path="/"
    />
    <Route
      element={<Unknown />}
      path="/"
    />
  </Routes>
  <Memo(l) />
</BrowserRouter>
`;
